<?xml version="1.0" encoding="UTF-8"?>
<TestRun id="f9f45ef9-5668-4896-8c2b-e5c24d191faa" name="v-tumeh@V-TUMEH1 2010-06-29 01:13:17" runUser="REDMOND\v-tumeh" xmlns="http://microsoft.com/schemas/VisualStudio/TeamTest/2010">
  <TestSettings name="Local" id="aa7ca958-bc02-4a3e-86a2-63a3cd7daa4e">
    <Description>These are default test settings for a local test run.</Description>
    <Deployment enabled="false" runDeploymentRoot="v-tumeh_V-TUMEH1 2010-06-29 01_13_17">
      <DeploymentItem filename="C:\MS\ECM\CodePlex_MyWorkspace\dkal\DkalEngine\bin\Debug\DkalEngine.dll" />
    </Deployment>
    <Execution>
      <TestTypeSpecific />
      <AgentRule name="Execution Agents">
      </AgentRule>
    </Execution>
  </TestSettings>
  <Times creation="2010-06-29T01:13:17.4517162-07:00" queuing="2010-06-29T01:13:17.5197201-07:00" start="2010-06-29T01:13:17.5647227-07:00" finish="2010-06-29T01:13:23.4690604-07:00" />
  <ResultSummary outcome="Failed">
    <Counters total="10" executed="8" passed="6" error="0" failed="2" timeout="0" aborted="0" inconclusive="0" passedButRunAborted="0" notRunnable="0" notExecuted="2" disconnected="0" warning="0" completed="0" inProgress="0" pending="0" />
  </ResultSummary>
  <TestDefinitions>
    <UnitTest name="LookupOrAddPrincipalTest" storage="c:\ms\ecm\codeplex_myworkspace\dkal\dkalengine\unittests\dkalunittests\dkalunittests\bin\debug\dkalunittests.dll" id="64bdf410-c12b-a7e2-0829-ffeec4d8ebed">
      <TestMethod codeBase="C:/MS/ECM/CodePlex_MyWorkspace/dkal/DkalEngine/UnitTests/DkalUnitTests/DkalUnitTests/bin/Debug/DkalUnitTests.DLL" adapterTypeName="Microsoft.VisualStudio.TestTools.TestTypes.Unit.UnitTestAdapter, Microsoft.VisualStudio.QualityTools.Tips.UnitTest.Adapter, Version=10.0.0.0, Culture=neutral, PublicKeyToken=b03f5f7f11d50a3a" className="DkalUnitTest.ParsingCtxTest, DkalUnitTests, Version=1.0.0.0, Culture=neutral, PublicKeyToken=null" name="LookupOrAddPrincipalTest" />
    </UnitTest>
    <UnitTest name="SerializeDeserializeTermTest" storage="c:\ms\ecm\codeplex_myworkspace\dkal\dkalengine\unittests\dkalunittests\dkalunittests\bin\debug\dkalunittests.dll" id="8617e8a9-a262-cb3d-57a1-1dcc22ca2547">
      <TestMethod codeBase="C:/MS/ECM/CodePlex_MyWorkspace/dkal/DkalEngine/UnitTests/DkalUnitTests/DkalUnitTests/bin/Debug/DkalUnitTests.DLL" adapterTypeName="Microsoft.VisualStudio.TestTools.TestTypes.Unit.UnitTestAdapter, Microsoft.VisualStudio.QualityTools.Tips.UnitTest.Adapter, Version=10.0.0.0, Culture=neutral, PublicKeyToken=b03f5f7f11d50a3a" className="DkalUnitTest.SerializerTest, DkalUnitTests, Version=1.0.0.0, Culture=neutral, PublicKeyToken=null" name="SerializeDeserializeTermTest" />
    </UnitTest>
    <UnitTest name="TestEngineCreation" storage="c:\ms\ecm\codeplex_myworkspace\dkal\dkalengine\unittests\dkalunittests\dkalunittests\bin\debug\dkalunittests.dll" id="a49ce50d-cc4d-6845-52a8-39854801f598">
      <TestMethod codeBase="C:/MS/ECM/CodePlex_MyWorkspace/dkal/DkalEngine/UnitTests/DkalUnitTests/DkalUnitTests/bin/Debug/DkalUnitTests.DLL" adapterTypeName="Microsoft.VisualStudio.TestTools.TestTypes.Unit.UnitTestAdapter, Microsoft.VisualStudio.QualityTools.Tips.UnitTest.Adapter, Version=10.0.0.0, Culture=neutral, PublicKeyToken=b03f5f7f11d50a3a" className="DkalUnitTest.EngineTest, DkalUnitTests, Version=1.0.0.0, Culture=neutral, PublicKeyToken=null" name="TestEngineCreation" />
    </UnitTest>
    <UnitTest name="ParseInfonTest" storage="c:\ms\ecm\codeplex_myworkspace\dkal\dkalengine\unittests\dkalunittests\dkalunittests\bin\debug\dkalunittests.dll" id="93a14a7f-1d46-a28b-2eb5-03953f6094aa">
      <TestMethod codeBase="C:/MS/ECM/CodePlex_MyWorkspace/dkal/DkalEngine/UnitTests/DkalUnitTests/DkalUnitTests/bin/Debug/DkalUnitTests.DLL" adapterTypeName="Microsoft.VisualStudio.TestTools.TestTypes.Unit.UnitTestAdapter, Microsoft.VisualStudio.QualityTools.Tips.UnitTest.Adapter, Version=10.0.0.0, Culture=neutral, PublicKeyToken=b03f5f7f11d50a3a" className="DkalUnitTest.ParsingCtxTest, DkalUnitTests, Version=1.0.0.0, Culture=neutral, PublicKeyToken=null" name="ParseInfonTest" />
    </UnitTest>
    <UnitTest name="TestConnectionString" storage="c:\ms\ecm\codeplex_myworkspace\dkal\dkalengine\unittests\dkalunittests\dkalunittests\bin\debug\dkalunittests.dll" id="1a881233-9787-776d-b05e-db4780753788">
      <TestMethod codeBase="C:/MS/ECM/CodePlex_MyWorkspace/dkal/DkalEngine/UnitTests/DkalUnitTests/DkalUnitTests/bin/Debug/DkalUnitTests.DLL" adapterTypeName="Microsoft.VisualStudio.TestTools.TestTypes.Unit.UnitTestAdapter, Microsoft.VisualStudio.QualityTools.Tips.UnitTest.Adapter, Version=10.0.0.0, Culture=neutral, PublicKeyToken=b03f5f7f11d50a3a" className="DkalUnitTest.EngineTest, DkalUnitTests, Version=1.0.0.0, Culture=neutral, PublicKeyToken=null" name="TestConnectionString" />
    </UnitTest>
    <UnitTest name="SendMessageTest" storage="c:\ms\ecm\codeplex_myworkspace\dkal\dkalengine\unittests\dkalunittests\dkalunittests\bin\debug\dkalunittests.dll" id="a9768f2f-1695-87b2-26aa-19e3828c53ab">
      <TestMethod codeBase="C:/MS/ECM/CodePlex_MyWorkspace/dkal/DkalEngine/UnitTests/DkalUnitTests/DkalUnitTests/bin/Debug/DkalUnitTests.DLL" adapterTypeName="Microsoft.VisualStudio.TestTools.TestTypes.Unit.UnitTestAdapter, Microsoft.VisualStudio.QualityTools.Tips.UnitTest.Adapter, Version=10.0.0.0, Culture=neutral, PublicKeyToken=b03f5f7f11d50a3a" className="DkalUnitTest.EngineTest, DkalUnitTests, Version=1.0.0.0, Culture=neutral, PublicKeyToken=null" name="SendMessageTest" />
    </UnitTest>
    <UnitTest name="KillEngineTest" storage="c:\ms\ecm\codeplex_myworkspace\dkal\dkalengine\unittests\dkalunittests\dkalunittests\bin\debug\dkalunittests.dll" id="94e8466b-2146-2d50-b1ad-876dd20c357b">
      <TestMethod codeBase="C:/MS/ECM/CodePlex_MyWorkspace/dkal/DkalEngine/UnitTests/DkalUnitTests/DkalUnitTests/bin/Debug/DkalUnitTests.DLL" adapterTypeName="Microsoft.VisualStudio.TestTools.TestTypes.Unit.UnitTestAdapter, Microsoft.VisualStudio.QualityTools.Tips.UnitTest.Adapter, Version=10.0.0.0, Culture=neutral, PublicKeyToken=b03f5f7f11d50a3a" className="DkalUnitTest.EngineTest, DkalUnitTests, Version=1.0.0.0, Culture=neutral, PublicKeyToken=null" name="KillEngineTest" />
    </UnitTest>
    <UnitTest name="SerializeDeserializeMessageTest" storage="c:\ms\ecm\codeplex_myworkspace\dkal\dkalengine\unittests\dkalunittests\dkalunittests\bin\debug\dkalunittests.dll" id="f6365f55-c0b2-032d-0d7e-1dfa91a40943">
      <TestMethod codeBase="C:/MS/ECM/CodePlex_MyWorkspace/dkal/DkalEngine/UnitTests/DkalUnitTests/DkalUnitTests/bin/Debug/DkalUnitTests.DLL" adapterTypeName="Microsoft.VisualStudio.TestTools.TestTypes.Unit.UnitTestAdapter, Microsoft.VisualStudio.QualityTools.Tips.UnitTest.Adapter, Version=10.0.0.0, Culture=neutral, PublicKeyToken=b03f5f7f11d50a3a" className="DkalUnitTest.SerializerTest, DkalUnitTests, Version=1.0.0.0, Culture=neutral, PublicKeyToken=null" name="SerializeDeserializeMessageTest" />
    </UnitTest>
    <OrderedTest name="dkalorderedtest" storage="c:\ms\ecm\codeplex_myworkspace\dkal\dkalengine\unittests\dkalunittests\dkalunittests\dkalorderedtest.orderedtest" id="4fa28735-c6ec-4066-9797-88f7e357cbb9">
      <Execution id="d9754b71-0f92-452b-8661-7ae1aa5a256c" />
      <TestLinks>
        <TestLink id="64bdf410-c12b-a7e2-0829-ffeec4d8ebed" name="LookupOrAddPrincipalTest" storage="bin\debug\dkalunittest.dll" type="Microsoft.VisualStudio.TestTools.TestTypes.Unit.UnitTestElement, Microsoft.VisualStudio.QualityTools.Tips.UnitTest.ObjectModel, Version=10.0.0.0, Culture=neutral, PublicKeyToken=b03f5f7f11d50a3a" />
        <TestLink id="a49ce50d-cc4d-6845-52a8-39854801f598" name="TestEngineCreation" storage="bin\debug\dkalunittests.dll" type="Microsoft.VisualStudio.TestTools.TestTypes.Unit.UnitTestElement, Microsoft.VisualStudio.QualityTools.Tips.UnitTest.ObjectModel, Version=10.0.0.0, Culture=neutral, PublicKeyToken=b03f5f7f11d50a3a" />
        <TestLink id="94e8466b-2146-2d50-b1ad-876dd20c357b" name="KillEngineTest" storage="bin\debug\dkalunittest.dll" type="Microsoft.VisualStudio.TestTools.TestTypes.Unit.UnitTestElement, Microsoft.VisualStudio.QualityTools.Tips.UnitTest.ObjectModel, Version=10.0.0.0, Culture=neutral, PublicKeyToken=b03f5f7f11d50a3a" />
        <TestLink id="1a881233-9787-776d-b05e-db4780753788" name="TestConnectionString" storage="bin\debug\dkalunittests.dll" type="Microsoft.VisualStudio.TestTools.TestTypes.Unit.UnitTestElement, Microsoft.VisualStudio.QualityTools.Tips.UnitTest.ObjectModel, Version=10.0.0.0, Culture=neutral, PublicKeyToken=b03f5f7f11d50a3a" />
        <TestLink id="a9768f2f-1695-87b2-26aa-19e3828c53ab" name="SendMessageTest" storage="bin\debug\dkalunittest.dll" type="Microsoft.VisualStudio.TestTools.TestTypes.Unit.UnitTestElement, Microsoft.VisualStudio.QualityTools.Tips.UnitTest.ObjectModel, Version=10.0.0.0, Culture=neutral, PublicKeyToken=b03f5f7f11d50a3a" />
        <TestLink id="8617e8a9-a262-cb3d-57a1-1dcc22ca2547" name="SerializeDeserializeTermTest" storage="bin\debug\dkalunittest.dll" type="Microsoft.VisualStudio.TestTools.TestTypes.Unit.UnitTestElement, Microsoft.VisualStudio.QualityTools.Tips.UnitTest.ObjectModel, Version=10.0.0.0, Culture=neutral, PublicKeyToken=b03f5f7f11d50a3a" />
        <TestLink id="93a14a7f-1d46-a28b-2eb5-03953f6094aa" name="ParseInfonTest" storage="bin\debug\dkalunittest.dll" type="Microsoft.VisualStudio.TestTools.TestTypes.Unit.UnitTestElement, Microsoft.VisualStudio.QualityTools.Tips.UnitTest.ObjectModel, Version=10.0.0.0, Culture=neutral, PublicKeyToken=b03f5f7f11d50a3a" />
        <TestLink id="08977f97-d1ca-45cb-2992-e0c78b9fb63e" name="ParseStreamTest" storage="bin\debug\dkalunittest.dll" type="Microsoft.VisualStudio.TestTools.TestTypes.Unit.UnitTestElement, Microsoft.VisualStudio.QualityTools.Tips.UnitTest.ObjectModel, Version=10.0.0.0, Culture=neutral, PublicKeyToken=b03f5f7f11d50a3a" />
        <TestLink id="f6365f55-c0b2-032d-0d7e-1dfa91a40943" name="SerializeDeserializeMessageTest" storage="bin\debug\dkalunittests.dll" type="Microsoft.VisualStudio.TestTools.TestTypes.Unit.UnitTestElement, Microsoft.VisualStudio.QualityTools.Tips.UnitTest.ObjectModel, Version=10.0.0.0, Culture=neutral, PublicKeyToken=b03f5f7f11d50a3a" />
      </TestLinks>
    </OrderedTest>
    <UnitTest name="ParseStreamTest" storage="c:\ms\ecm\codeplex_myworkspace\dkal\dkalengine\unittests\dkalunittests\dkalunittests\bin\debug\dkalunittests.dll" id="08977f97-d1ca-45cb-2992-e0c78b9fb63e">
      <TestMethod codeBase="C:/MS/ECM/CodePlex_MyWorkspace/dkal/DkalEngine/UnitTests/DkalUnitTests/DkalUnitTests/bin/Debug/DkalUnitTests.DLL" adapterTypeName="Microsoft.VisualStudio.TestTools.TestTypes.Unit.UnitTestAdapter, Microsoft.VisualStudio.QualityTools.Tips.UnitTest.Adapter, Version=10.0.0.0, Culture=neutral, PublicKeyToken=b03f5f7f11d50a3a" className="DkalUnitTest.ParsingCtxTest, DkalUnitTests, Version=1.0.0.0, Culture=neutral, PublicKeyToken=null" name="ParseStreamTest" />
    </UnitTest>
  </TestDefinitions>
  <TestLists>
    <TestList name="Results Not in a List" id="8c84fa94-04c1-424b-9868-57a2d4851a1d" />
    <TestList name="All Loaded Results" id="19431567-8539-422a-85d7-44ee4e166bda" />
  </TestLists>
  <TestEntries>
    <TestEntry testId="4fa28735-c6ec-4066-9797-88f7e357cbb9" executionId="d9754b71-0f92-452b-8661-7ae1aa5a256c" testListId="8c84fa94-04c1-424b-9868-57a2d4851a1d">
      <TestEntries>
        <TestEntry testId="64bdf410-c12b-a7e2-0829-ffeec4d8ebed" executionId="a287fb9a-7c30-4ce0-9e0f-e60958aea734" parentExecutionId="d9754b71-0f92-452b-8661-7ae1aa5a256c" testListId="8c84fa94-04c1-424b-9868-57a2d4851a1d" />
        <TestEntry testId="a49ce50d-cc4d-6845-52a8-39854801f598" executionId="98b323e0-cb79-4d4b-8f62-68470130696f" parentExecutionId="d9754b71-0f92-452b-8661-7ae1aa5a256c" testListId="8c84fa94-04c1-424b-9868-57a2d4851a1d" />
        <TestEntry testId="94e8466b-2146-2d50-b1ad-876dd20c357b" executionId="831a7562-6613-44be-bcfa-db46f2532b7f" parentExecutionId="d9754b71-0f92-452b-8661-7ae1aa5a256c" testListId="8c84fa94-04c1-424b-9868-57a2d4851a1d" />
        <TestEntry testId="1a881233-9787-776d-b05e-db4780753788" executionId="4ca6b43f-3fc1-4380-88df-12e715536626" parentExecutionId="d9754b71-0f92-452b-8661-7ae1aa5a256c" testListId="8c84fa94-04c1-424b-9868-57a2d4851a1d" />
        <TestEntry testId="a9768f2f-1695-87b2-26aa-19e3828c53ab" executionId="ac28b2b7-2d08-4b03-84a3-c5ca994dd34d" parentExecutionId="d9754b71-0f92-452b-8661-7ae1aa5a256c" testListId="8c84fa94-04c1-424b-9868-57a2d4851a1d" />
        <TestEntry testId="8617e8a9-a262-cb3d-57a1-1dcc22ca2547" executionId="19e6ded2-bc7c-4360-a199-e51a9e3c6118" parentExecutionId="d9754b71-0f92-452b-8661-7ae1aa5a256c" testListId="8c84fa94-04c1-424b-9868-57a2d4851a1d" />
        <TestEntry testId="93a14a7f-1d46-a28b-2eb5-03953f6094aa" executionId="e854675e-c300-49a6-96db-013ef7bcca8c" parentExecutionId="d9754b71-0f92-452b-8661-7ae1aa5a256c" testListId="8c84fa94-04c1-424b-9868-57a2d4851a1d" />
        <TestEntry testId="08977f97-d1ca-45cb-2992-e0c78b9fb63e" executionId="7b3535b7-b480-42c9-a152-b4aec25c80a4" parentExecutionId="d9754b71-0f92-452b-8661-7ae1aa5a256c" testListId="8c84fa94-04c1-424b-9868-57a2d4851a1d" />
        <TestEntry testId="f6365f55-c0b2-032d-0d7e-1dfa91a40943" executionId="f88b9bbe-8d4c-401b-9411-783db51b40f3" parentExecutionId="d9754b71-0f92-452b-8661-7ae1aa5a256c" testListId="8c84fa94-04c1-424b-9868-57a2d4851a1d" />
      </TestEntries>
    </TestEntry>
  </TestEntries>
  <Results>
    <TestResultAggregation executionId="d9754b71-0f92-452b-8661-7ae1aa5a256c" testId="4fa28735-c6ec-4066-9797-88f7e357cbb9" testName="dkalorderedtest" computerName="V-TUMEH1" duration="00:00:05.8005117" startTime="2010-06-29T01:13:17.5717231-07:00" endTime="2010-06-29T01:13:23.3910559-07:00" testType="ec4800e8-40e5-4ab3-8510-b8bf29b1904d" outcome="Failed" testListId="8c84fa94-04c1-424b-9868-57a2d4851a1d" relativeResultsDirectory="d9754b71-0f92-452b-8661-7ae1aa5a256c">
      <Counters error="0" failed="1" timeout="0" aborted="0" inconclusive="0" passedButRunAborted="0" notRunnable="0" notExecuted="2" disconnected="0" warning="0" passed="6" completed="0" inProgress="0" pending="0" />
      <InnerResults>
        <UnitTestResult executionId="a287fb9a-7c30-4ce0-9e0f-e60958aea734" parentExecutionId="d9754b71-0f92-452b-8661-7ae1aa5a256c" testId="64bdf410-c12b-a7e2-0829-ffeec4d8ebed" testName="LookupOrAddPrincipalTest" computerName="V-TUMEH1" duration="00:00:00.2455348" startTime="2010-06-29T01:13:17.5907242-07:00" endTime="2010-06-29T01:13:18.1287549-07:00" testType="13cdc9d9-ddb5-4fa4-a97d-d965ccfc6d4b" outcome="Passed" testListId="8c84fa94-04c1-424b-9868-57a2d4851a1d" relativeResultsDirectory="a287fb9a-7c30-4ce0-9e0f-e60958aea734">
          <Output>
          </Output>
        </UnitTestResult>
        <UnitTestResult executionId="98b323e0-cb79-4d4b-8f62-68470130696f" parentExecutionId="d9754b71-0f92-452b-8661-7ae1aa5a256c" testId="a49ce50d-cc4d-6845-52a8-39854801f598" testName="TestEngineCreation" computerName="V-TUMEH1" duration="00:00:02.0090981" startTime="2010-06-29T01:13:18.1287549-07:00" endTime="2010-06-29T01:13:20.1458703-07:00" testType="13cdc9d9-ddb5-4fa4-a97d-d965ccfc6d4b" outcome="Passed" testListId="8c84fa94-04c1-424b-9868-57a2d4851a1d" relativeResultsDirectory="98b323e0-cb79-4d4b-8f62-68470130696f">
          <Output>
          </Output>
        </UnitTestResult>
        <UnitTestResult executionId="831a7562-6613-44be-bcfa-db46f2532b7f" parentExecutionId="d9754b71-0f92-452b-8661-7ae1aa5a256c" testId="94e8466b-2146-2d50-b1ad-876dd20c357b" testName="KillEngineTest" computerName="V-TUMEH1" duration="00:00:02.0190803" startTime="2010-06-29T01:13:20.1468704-07:00" endTime="2010-06-29T01:13:22.1959876-07:00" testType="13cdc9d9-ddb5-4fa4-a97d-d965ccfc6d4b" outcome="Passed" testListId="8c84fa94-04c1-424b-9868-57a2d4851a1d" relativeResultsDirectory="831a7562-6613-44be-bcfa-db46f2532b7f">
          <Output>
          </Output>
        </UnitTestResult>
        <UnitTestResult executionId="4ca6b43f-3fc1-4380-88df-12e715536626" parentExecutionId="d9754b71-0f92-452b-8661-7ae1aa5a256c" testId="1a881233-9787-776d-b05e-db4780753788" testName="TestConnectionString" computerName="V-TUMEH1" duration="00:00:00.0035602" startTime="2010-06-29T01:13:22.1979877-07:00" endTime="2010-06-29T01:13:22.2209890-07:00" testType="13cdc9d9-ddb5-4fa4-a97d-d965ccfc6d4b" outcome="Passed" testListId="8c84fa94-04c1-424b-9868-57a2d4851a1d" relativeResultsDirectory="4ca6b43f-3fc1-4380-88df-12e715536626">
          <Output>
          </Output>
        </UnitTestResult>
        <UnitTestResult executionId="ac28b2b7-2d08-4b03-84a3-c5ca994dd34d" parentExecutionId="d9754b71-0f92-452b-8661-7ae1aa5a256c" testId="a9768f2f-1695-87b2-26aa-19e3828c53ab" testName="SendMessageTest" computerName="V-TUMEH1" duration="00:00:01.0378268" startTime="2010-06-29T01:13:22.2209890-07:00" endTime="2010-06-29T01:13:23.2670488-07:00" testType="13cdc9d9-ddb5-4fa4-a97d-d965ccfc6d4b" outcome="Passed" testListId="8c84fa94-04c1-424b-9868-57a2d4851a1d" relativeResultsDirectory="ac28b2b7-2d08-4b03-84a3-c5ca994dd34d">
          <Output>
          </Output>
        </UnitTestResult>
        <UnitTestResult executionId="19e6ded2-bc7c-4360-a199-e51a9e3c6118" parentExecutionId="d9754b71-0f92-452b-8661-7ae1aa5a256c" testId="8617e8a9-a262-cb3d-57a1-1dcc22ca2547" testName="SerializeDeserializeTermTest" computerName="V-TUMEH1" duration="00:00:00.0554741" startTime="2010-06-29T01:13:23.2680489-07:00" endTime="2010-06-29T01:13:23.3430532-07:00" testType="13cdc9d9-ddb5-4fa4-a97d-d965ccfc6d4b" outcome="Passed" testListId="8c84fa94-04c1-424b-9868-57a2d4851a1d" relativeResultsDirectory="19e6ded2-bc7c-4360-a199-e51a9e3c6118">
          <Output>
          </Output>
        </UnitTestResult>
        <UnitTestResult executionId="e854675e-c300-49a6-96db-013ef7bcca8c" parentExecutionId="d9754b71-0f92-452b-8661-7ae1aa5a256c" testId="93a14a7f-1d46-a28b-2eb5-03953f6094aa" testName="ParseInfonTest" computerName="V-TUMEH1" duration="00:00:00.0410520" startTime="2010-06-29T01:13:23.3440532-07:00" endTime="2010-06-29T01:13:23.3910559-07:00" testType="13cdc9d9-ddb5-4fa4-a97d-d965ccfc6d4b" outcome="Failed" testListId="8c84fa94-04c1-424b-9868-57a2d4851a1d" relativeResultsDirectory="e854675e-c300-49a6-96db-013ef7bcca8c">
          <Output>
            <ErrorInfo>
              <Message>Assert.Fail failed. Exception Occurred: Assert.AreEqual failed. Expected:&lt;yes-i-am-alive&gt;. Actual:&lt;_testDriverEngine said hello-to (_dkalTestEngine)&gt;. </Message>
              <StackTrace>   at DkalUnitTest.ParsingCtxTest.ParseInfonTest() in C:\MS\ECM\CodePlex_MyWorkspace\dkal\DkalEngine\UnitTests\DkalUnitTests\DkalUnitTests\ParsingCtxTest.cs:line 114
</StackTrace>
            </ErrorInfo>
          </Output>
        </UnitTestResult>
        <TestResult executionId="7b3535b7-b480-42c9-a152-b4aec25c80a4" parentExecutionId="d9754b71-0f92-452b-8661-7ae1aa5a256c" testId="08977f97-d1ca-45cb-2992-e0c78b9fb63e" testName="ParseStreamTest" computerName="V-TUMEH1" testType="13cdc9d9-ddb5-4fa4-a97d-d965ccfc6d4b" outcome="NotExecuted" testListId="8c84fa94-04c1-424b-9868-57a2d4851a1d" relativeResultsDirectory="7b3535b7-b480-42c9-a152-b4aec25c80a4" />
        <TestResult executionId="f88b9bbe-8d4c-401b-9411-783db51b40f3" parentExecutionId="d9754b71-0f92-452b-8661-7ae1aa5a256c" testId="f6365f55-c0b2-032d-0d7e-1dfa91a40943" testName="SerializeDeserializeMessageTest" computerName="V-TUMEH1" testType="13cdc9d9-ddb5-4fa4-a97d-d965ccfc6d4b" outcome="NotExecuted" testListId="8c84fa94-04c1-424b-9868-57a2d4851a1d" relativeResultsDirectory="f88b9bbe-8d4c-401b-9411-783db51b40f3" />
      </InnerResults>
    </TestResultAggregation>
  </Results>
</TestRun>